// Jest Snapshot v1, https://goo.gl/fbAQLP

exports[`SearchResults should render correctly in "debug" mode 1`] = `
<main>
  <div>
    No films found
  </div>
</main>
`;
