// Jest Snapshot v1, https://goo.gl/fbAQLP

exports[`App should render correctly in "debug" mode 1`] = `
<div>
  <ErrorBoundary>
    <AppLogo />
    <Search />
    <MoviesList />
  </ErrorBoundary>
</div>
`;
