// Jest Snapshot v1, https://goo.gl/fbAQLP

exports[`renders correctly 1`] = `
<a
  href="/"
>
  <img
    alt="logo"
    className="app-logo"
    src="/static/images/logo.png"
  />
</a>
`;
