// Jest Snapshot v1, https://goo.gl/fbAQLP

exports[`renders correctly: Comedy, Crime 1`] = `
<div
  className="genres"
>
  Comedy, Crime
</div>
`;
