// Jest Snapshot v1, https://goo.gl/fbAQLP

exports[`renders correctly: test title 1`] = `
<img
  alt="test title"
  className="img_small"
  src="https://image.tmdb.org/t/p/w500/kOVEVeg59E0wsnXmF9nrh6OmWII.jpg"
/>
`;
